Microchip MPLAB XC8 Compiler V2.40

Linker command line:

-W-3 \
  --edf=C:\Program Files\Microchip\xc8\v2.40\pic\dat\20220703182018_en.msgs \
  -cn -h+dist/default/production\p18f25k550_mcc.X.production.sym \
  --cmf=dist/default/production\p18f25k550_mcc.X.production.cmf -z \
  -Q18F25K50 -oC:\Users\kdeni\AppData\Local\Temp\xcAsr3g.4 \
  --defsym=__MPLAB_BUILD=1 --fixupoverflow=error \
  -Mdist/default/production/p18f25k550_mcc.X.production.map \
  --md=C:\Users\kdeni\AppData\Local\Temp\xcAsr3g.dat -E1 -ver=XC8 Compiler \
  --acfsm=1493 -ACODE=00h-07FFFh -ACONST=00h-07FFFh \
  -ASMALLCONST=0800h-08FFhx120 -AMEDIUMCONST=0800h-07FFFh -ACOMRAM=01h-05Fh \
  -AABS1=00h-07FFh -ABIGRAM=01h-07FFh -ARAM=060h-0FFh,0100h-01FFhx7 \
  -ABANK0=060h-0FFh -ABANK1=0100h-01FFh -ABANK2=0200h-02FFh \
  -ABANK3=0300h-03FFh -ABANK4=0400h-04FFh -ABANK5=0500h-05FFh \
  -ABANK6=0600h-06FFh -ABANK7=0700h-07FFh -ASFR=0F53h-0F5Fh,0F60h-0FFFh \
  -ABIGSFR=0F53h-0FFFh -ACONFIG=0300000h-030000Dh -AIDLOC=0200000h-0200007h \
  -AEEDATA=0F00000h-0F000FFh -peeprom_data=EEDATA \
  -preset_vec=00h,intcode,intcodelo,powerup,init -pramtop=0800h \
  -psmallconst=SMALLCONST -pmediumconst=MEDIUMCONST -pconst=CONST \
  -AFARRAM=00h-00h \
  -prdata=COMRAM,nvrram=COMRAM,nvbit=COMRAM,rbss=COMRAM,rbit=COMRAM \
  -pfarbss=FARRAM,fardata=FARRAM,nvFARRAM=FARRAM \
  -pintsave_regs=BIGRAM,bigbss=BIGRAM,bigdata=BIGRAM -pbss=RAM \
  -pidata=CODE,irdata=CODE,ibigdata=CODE,ifardata=CODE -prparam=COMRAM \
  C:\Users\kdeni\AppData\Local\Temp\xcAsr3g.o \
  dist/default/production\p18f25k550_mcc.X.production.o 

Object code version is 3.11

Machine type is 18F25K50



                Name                               Link     Load   Length Selector   Space Scale
C:\Users\kdeni\AppData\Local\Temp\xcAsr3g.o
                idloc                            200000   200000        8        0       5
                config                           300000   300000        E        0       4
                init                                  0        0        4        0       0
dist/default/production\p18f25k550_mcc.X.production.o
                idloc                            200000   200000        8        0       5
                config                           300000   300000        E        0       4
                smallconst                          800      800        E      400       0
                text23                             1164     1164       3A      407       0
                text22                             11F2     11F2       28      407       0
                text21                             125E     125E       16      407       0
                text20                             1286     1286        E      407       0
                text19                             12B2     12B2        A      407       0
                text18                             12A8     12A8        A      407       0
                text17                             129E     129E        A      407       0
                text16                             1126     1126       3E      407       0
                text15                             1274     1274       12      407       0
                text14                             119E     119E       2C      407       0
                text13                             1248     1248       16      407       0
                text12                              A8A      A8A      188      407       0
                text11                              C12      C12      164      407       0
                text10                             10E6     10E6       40      407       0
                text9                              1232     1232       16      407       0
                text8                              1294     1294        A      407       0
                text7                               EC4      EC4       96      407       0
                text6                              10A2     10A2       44      407       0
                text5                               FDA      FDA       7A      407       0
                text4                               80E      80E      27C      407       0
                text3                               D76      D76      14E      407       0
                text2                              1054     1054       4E      407       0
                text1                              11CA     11CA       28      407       0
                text0                               F5A      F5A       80      407       0
                cstackCOMRAM                          1        1       5E        1       1
                cstackBANK0                          8D       8D        6       60       1
                bssBANK0                             60       60       27       60       1
                bssCOMRAM                            5F       5F        1        1       1
                cinit                              121A     121A       18      407       0
                nvBANK0                              87       87        6       60       1

TOTAL           Name                               Link     Load   Length     Space
        CLASS   CODE           
                init                                  0        0        4         0
                text23                             1164     1164       3A         0
                text22                             11F2     11F2       28         0
                text21                             125E     125E       16         0
                text20                             1286     1286        E         0
                text19                             12B2     12B2        A         0
                text18                             12A8     12A8        A         0
                text17                             129E     129E        A         0
                text16                             1126     1126       3E         0
                text15                             1274     1274       12         0
                text14                             119E     119E       2C         0
                text13                             1248     1248       16         0
                text12                              A8A      A8A      188         0
                text11                              C12      C12      164         0
                text10                             10E6     10E6       40         0
                text9                              1232     1232       16         0
                text8                              1294     1294        A         0
                text7                               EC4      EC4       96         0
                text6                              10A2     10A2       44         0
                text5                               FDA      FDA       7A         0
                text4                               80E      80E      27C         0
                text3                               D76      D76      14E         0
                text2                              1054     1054       4E         0
                text1                              11CA     11CA       28         0
                text0                               F5A      F5A       80         0
                cinit                              121A     121A       18         0

        CLASS   CONST          

        CLASS   SMALLCONST     
                smallconst                          800      800        E         0

        CLASS   MEDIUMCONST    

        CLASS   COMRAM         
                cstackCOMRAM                          1        1       5E         1
                bssCOMRAM                            5F       5F        1         1

        CLASS   ABS1           

        CLASS   BIGRAM         

        CLASS   RAM            

        CLASS   BANK0          
                cstackBANK0                          8D       8D        6         1
                bssBANK0                             60       60       27         1
                nvBANK0                              87       87        6         1

        CLASS   BANK1          

        CLASS   BANK2          

        CLASS   BANK3          

        CLASS   BANK4          

        CLASS   BANK5          

        CLASS   BANK6          

        CLASS   BANK7          

        CLASS   SFR            

        CLASS   BIGSFR         

        CLASS   CONFIG         
                config                           300000   300000        E         4

        CLASS   IDLOC          
                idloc                            200000   200000        8         5

        CLASS   EEDATA         

        CLASS   FARRAM         

        CLASS   HEAP           

        CLASS   STACK          



SEGMENTS        Name                           Load    Length   Top    Selector   Space  Class

                reset_vec                      000000  000004  000004         0       0  CODE    
                cstackCOMRAM                   000001  00005F  000060         1       1  COMRAM  
                bssBANK0                       000060  000033  000093        60       1  BANK0   
                smallconst                     000800  00000E  00080E       400       0  SMALLCON
                text4                          00080E  000AAE  0012BC       407       0  CODE    


UNUSED ADDRESS RANGES

        Name                Unused          Largest block    Delta
        BANK0            000093-0000FF               6D
        BANK1            000100-0001FF              100
        BANK2            000200-0002FF              100
        BANK3            000300-0003FF              100
        BANK4            000400-0004FF              100
        BANK5            000500-0005FF              100
        BANK6            000600-0006FF              100
        BANK7            000700-0007FF              100
        BIGRAM           000093-0007FF              76D
        BIGSFR           000F53-000FFF               AD
        CODE             000004-0007FF              7FC
                         0012BC-007FFF             6D44
        CONST            000004-0007FF              7FC
                         0012BC-007FFF             6D44
        EEDATA           F00000-F000FF              100
        MEDIUMCONST      0012BC-007FFF             6D44
        RAM              000093-0007FF              100
        SFR              000F53-000FFF                D
        SMALLCONST       0012BC-007FFF              100

                                  Symbol Table

?_ADC_GetConversion                             cstackCOMRAM 000001
?___aodiv                                       cstackCOMRAM 000001
?___aomod                                       cstackCOMRAM 000001
?_abs                                           cstackCOMRAM 000013
?_printf                                        cstackCOMRAM 00005B
?_vfprintf                                      cstackCOMRAM 000053
ADC_GetConversion@channel                       cstackCOMRAM 000005
EUSART1_SetErrorHandler@interruptHandler        cstackCOMRAM 000001
EUSART1_SetFramingErrorHandler@interruptHandler cstackCOMRAM 000001
EUSART1_SetOverrunErrorHandler@interruptHandler cstackCOMRAM 000001
EUSART1_Write@txData                            cstackCOMRAM 000001
_ACTCON                                         (abs)        000FB5
_ADCON0                                         (abs)        000FC2
_ADCON0bits                                     (abs)        000FC2
_ADCON1                                         (abs)        000FC1
_ADCON2                                         (abs)        000FC0
_ADC_GetConversion                              text23       001164
_ADC_Initialize                                 text21       00125E
_ADC_InterruptHandler                           bssBANK0     000064
_ADRESH                                         (abs)        000FC4
_ADRESL                                         (abs)        000FC3
_ANSELA                                         (abs)        000F5B
_ANSELB                                         (abs)        000F5C
_ANSELC                                         (abs)        000F5D
_BAUDCON1                                       (abs)        000FB8
_CCP2CON                                        (abs)        000F97
_CCP2_Initialize                                text20       001286
_CCPR2H                                         (abs)        000F91
_CCPR2L                                         (abs)        000F90
_EUSART1_DefaultErrorHandler                    (abs)        000000
_EUSART1_DefaultFramingErrorHandler             (abs)        000000
_EUSART1_DefaultOverrunErrorHandler             (abs)        000000
_EUSART1_ErrorHandler                           nvBANK0      000087
_EUSART1_FramingErrorHandler                    nvBANK0      00008B
_EUSART1_Initialize                             text16       001126
_EUSART1_OverrunErrorHandler                    nvBANK0      000089
_EUSART1_SetErrorHandler                        text19       0012B2
_EUSART1_SetFramingErrorHandler                 text18       0012A8
_EUSART1_SetOverrunErrorHandler                 text17       00129E
_EUSART1_Write                                  text9        001232
_EUSART1_is_tx_ready                            text22       0011F2
_EUSART1_is_tx_ready$282                        cstackCOMRAM 000001
_INTCON2bits                                    (abs)        000FF1
_INTCONbits                                     (abs)        000FF2
_LATA                                           (abs)        000F89
_LATAbits                                       (abs)        000F89
_LATB                                           (abs)        000F8A
_LATC                                           (abs)        000F8B
_OSCCON                                         (abs)        000FD3
_OSCCON2                                        (abs)        000FD2
_OSCILLATOR_Initialize                          text15       001274
_OSCTUNE                                        (abs)        000F9B
_PIN_MANAGER_Initialize                         text14       00119E
_PIR1bits                                       (abs)        000F9E
_RCREG1                                         (abs)        000FAE
_RCSTA1                                         (abs)        000FAB
_RCSTA1bits                                     (abs)        000FAB
_SPBRG1                                         (abs)        000FAF
_SPBRGH1                                        (abs)        000FB0
_SYSTEM_Initialize                              text13       001248
_TRISA                                          (abs)        000F92
_TRISB                                          (abs)        000F93
_TRISC                                          (abs)        000F94
_TXREG1                                         (abs)        000FAD
_TXSTA1                                         (abs)        000FAC
_TXSTA1bits                                     (abs)        000FAC
_WPUB                                           (abs)        000F85
__HRAM                                          (abs)        000000
__Habs1                                         abs1         000000
__Hbank0                                        bank0        000000
__Hbank1                                        bank1        000000
__Hbank2                                        bank2        000000
__Hbank3                                        bank3        000000
__Hbank4                                        bank4        000000
__Hbank5                                        bank5        000000
__Hbank6                                        bank6        000000
__Hbank7                                        bank7        000000
__Hbigbss                                       bigbss       000000
__Hbigdata                                      bigdata      000000
__Hbigram                                       bigram       000000
__Hbigsfr                                       bigsfr       000000
__Hbss                                          bss          000000
__HbssBANK0                                     bssBANK0     000000
__HbssCOMRAM                                    bssCOMRAM    000000
__Hcinit                                        cinit        000000
__Hclrtext                                      clrtext      000000
__Hcomram                                       comram       000000
__Hconfig                                       config       30000E
__Hconst                                        const        000000
__HcstackBANK0                                  cstackBANK0  000000
__HcstackCOMRAM                                 cstackCOMRAM 000000
__Hdata                                         data         000000
__Heeprom_data                                  eeprom_data  000000
__Hfarbss                                       farbss       000000
__Hfardata                                      fardata      000000
__Hheap                                         heap         000000
__Hibigdata                                     ibigdata     000000
__Hidata                                        idata        000000
__Hidloc                                        idloc        200008
__Hifardata                                     ifardata     000000
__Hinit                                         init         000004
__Hintcode                                      intcode      000000
__Hintcode_body                                 intcode_body 000000
__Hintcodelo                                    intcodelo    000000
__Hintentry                                     intentry     000000
__Hintret                                       intret       000000
__Hintsave_regs                                 intsave_regs 000000
__Hirdata                                       irdata       000000
__Hmediumconst                                  mediumconst  000000
__HnvBANK0                                      nvBANK0      000000
__HnvFARRAM                                     nvFARRAM     000000
__Hnvbit                                        nvbit        000000
__Hnvrram                                       nvrram       000000
__Hparam                                        rparam       000000
__Hpowerup                                      powerup      000000
__Hram                                          ram          000000
__Hramtop                                       ramtop       000800
__Hrbit                                         rbit         000000
__Hrbss                                         rbss         000000
__Hrdata                                        rdata        000000
__Hreset_vec                                    reset_vec    000000
__Hrparam                                       rparam       000000
__Hsfr                                          sfr          000000
__Hsmallconst                                   smallconst   00080E
__Hspace_0                                      (abs)        0012BC
__Hspace_1                                      (abs)        000093
__Hspace_2                                      (abs)        000000
__Hspace_4                                      (abs)        60000E
__Hstack                                        stack        000000
__Hstruct                                       struct       000000
__Htemp                                         temp         000000
__Htext                                         text         000000
__Htext0                                        text0        000000
__Htext1                                        text1        000000
__Htext10                                       text10       000000
__Htext11                                       text11       000000
__Htext12                                       text12       000000
__Htext13                                       text13       000000
__Htext14                                       text14       000000
__Htext15                                       text15       000000
__Htext16                                       text16       000000
__Htext17                                       text17       000000
__Htext18                                       text18       000000
__Htext19                                       text19       000000
__Htext2                                        text2        000000
__Htext20                                       text20       000000
__Htext21                                       text21       000000
__Htext22                                       text22       000000
__Htext23                                       text23       000000
__Htext3                                        text3        000000
__Htext4                                        text4        000000
__Htext5                                        text5        000000
__Htext6                                        text6        000000
__Htext7                                        text7        000000
__Htext8                                        text8        000000
__Htext9                                        text9        000000
__LRAM                                          (abs)        000001
__Labs1                                         abs1         000000
__Lbank0                                        bank0        000000
__Lbank1                                        bank1        000000
__Lbank2                                        bank2        000000
__Lbank3                                        bank3        000000
__Lbank4                                        bank4        000000
__Lbank5                                        bank5        000000
__Lbank6                                        bank6        000000
__Lbank7                                        bank7        000000
__Lbigbss                                       bigbss       000000
__Lbigdata                                      bigdata      000000
__Lbigram                                       bigram       000000
__Lbigsfr                                       bigsfr       000000
__Lbss                                          bss          000000
__LbssBANK0                                     bssBANK0     000000
__LbssCOMRAM                                    bssCOMRAM    000000
__Lcinit                                        cinit        000000
__Lclrtext                                      clrtext      000000
__Lcomram                                       comram       000000
__Lconfig                                       config       000000
__Lconst                                        const        000000
__LcstackBANK0                                  cstackBANK0  000000
__LcstackCOMRAM                                 cstackCOMRAM 000000
__Ldata                                         data         000000
__Leeprom_data                                  eeprom_data  000000
__Lfarbss                                       farbss       000000
__Lfardata                                      fardata      000000
__Lheap                                         heap         000000
__Libigdata                                     ibigdata     000000
__Lidata                                        idata        000000
__Lidloc                                        idloc        000000
__Lifardata                                     ifardata     000000
__Linit                                         init         000000
__Lintcode                                      intcode      000000
__Lintcode_body                                 intcode_body 000000
__Lintcodelo                                    intcodelo    000000
__Lintentry                                     intentry     000000
__Lintret                                       intret       000000
__Lintsave_regs                                 intsave_regs 000000
__Lirdata                                       irdata       000000
__Lmediumconst                                  mediumconst  000000
__LnvBANK0                                      nvBANK0      000000
__LnvFARRAM                                     nvFARRAM     000000
__Lnvbit                                        nvbit        000000
__Lnvrram                                       nvrram       000000
__Lparam                                        rparam       000000
__Lpowerup                                      powerup      000000
__Lram                                          ram          000000
__Lramtop                                       ramtop       000800
__Lrbit                                         rbit         000000
__Lrbss                                         rbss         000000
__Lrdata                                        rdata        000000
__Lreset_vec                                    reset_vec    000000
__Lrparam                                       rparam       000000
__Lsfr                                          sfr          000000
__Lsmallconst                                   smallconst   000800
__Lspace_0                                      (abs)        000000
__Lspace_1                                      (abs)        000000
__Lspace_2                                      (abs)        000000
__Lspace_4                                      (abs)        000000
__Lstack                                        stack        000000
__Lstruct                                       struct       000000
__Ltemp                                         temp         000000
__Ltext                                         text         000000
__Ltext0                                        text0        000000
__Ltext1                                        text1        000000
__Ltext10                                       text10       000000
__Ltext11                                       text11       000000
__Ltext12                                       text12       000000
__Ltext13                                       text13       000000
__Ltext14                                       text14       000000
__Ltext15                                       text15       000000
__Ltext16                                       text16       000000
__Ltext17                                       text17       000000
__Ltext18                                       text18       000000
__Ltext19                                       text19       000000
__Ltext2                                        text2        000000
__Ltext20                                       text20       000000
__Ltext21                                       text21       000000
__Ltext22                                       text22       000000
__Ltext23                                       text23       000000
__Ltext3                                        text3        000000
__Ltext4                                        text4        000000
__Ltext5                                        text5        000000
__Ltext6                                        text6        000000
__Ltext7                                        text7        000000
__Ltext8                                        text8        000000
__Ltext9                                        text9        000000
__S0                                            (abs)        0012BC
__S1                                            (abs)        000093
__S4                                            (abs)        000000
__S5                                            (abs)        000000
___aodiv                                        text12       000A8A
___aodiv@counter                                cstackCOMRAM 000011
___aodiv@dividend                               cstackCOMRAM 000001
___aodiv@divisor                                cstackCOMRAM 000009
___aodiv@quotient                               cstackCOMRAM 000013
___aodiv@sign                                   cstackCOMRAM 000012
___aomod                                        text11       000C12
___aomod@counter                                cstackCOMRAM 000011
___aomod@dividend                               cstackCOMRAM 000001
___aomod@divisor                                cstackCOMRAM 000009
___aomod@sign                                   cstackCOMRAM 000012
___heap_hi                                      (abs)        000000
___heap_lo                                      (abs)        000000
___inthi_sp                                     stack        000000
___intlo_sp                                     stack        000000
___param_bank                                   (abs)        000000
___rparam_used                                  (abs)        000001
___sp                                           stack        000000
__accesstop                                     (abs)        000060
__activetblptr                                  (abs)        000002
__end_of_ADC_GetConversion                      text23       00119E
__end_of_ADC_Initialize                         text21       001274
__end_of_CCP2_Initialize                        text20       001294
__end_of_EUSART1_Initialize                     text16       001164
__end_of_EUSART1_SetErrorHandler                text19       0012BC
__end_of_EUSART1_SetFramingErrorHandler         text18       0012B2
__end_of_EUSART1_SetOverrunErrorHandler         text17       0012A8
__end_of_EUSART1_Write                          text9        001248
__end_of_EUSART1_is_tx_ready                    text22       00121A
__end_of_OSCILLATOR_Initialize                  text15       001286
__end_of_PIN_MANAGER_Initialize                 text14       0011CA
__end_of_SYSTEM_Initialize                      text13       00125E
__end_of___aodiv                                text12       000C12
__end_of___aomod                                text11       000D76
__end_of__initialization                        cinit        001228
__end_of_abs                                    text10       001126
__end_of_dtoa                                   text4        000A8A
__end_of_fputc                                  text7        000F5A
__end_of_fputs                                  text6        0010E6
__end_of_main                                   text0        000FDA
__end_of_pad                                    text5        001054
__end_of_printf                                 text1        0011F2
__end_of_putch                                  text8        00129E
__end_of_vfpfcnvrt                              text3        000EC4
__end_of_vfprintf                               text2        0010A2
__initialization                                cinit        00121A
__mediumconst                                   mediumconst  000000
__pbssBANK0                                     bssBANK0     000060
__pbssCOMRAM                                    bssCOMRAM    00005F
__pcinit                                        cinit        00121A
__pcstackBANK0                                  cstackBANK0  00008D
__pcstackCOMRAM                                 cstackCOMRAM 000001
__pnvBANK0                                      nvBANK0      000087
__psmallconst                                   smallconst   000800
__ptext0                                        text0        000F5A
__ptext1                                        text1        0011CA
__ptext10                                       text10       0010E6
__ptext11                                       text11       000C12
__ptext12                                       text12       000A8A
__ptext13                                       text13       001248
__ptext14                                       text14       00119E
__ptext15                                       text15       001274
__ptext16                                       text16       001126
__ptext17                                       text17       00129E
__ptext18                                       text18       0012A8
__ptext19                                       text19       0012B2
__ptext2                                        text2        001054
__ptext20                                       text20       001286
__ptext21                                       text21       00125E
__ptext22                                       text22       0011F2
__ptext23                                       text23       001164
__ptext3                                        text3        000D76
__ptext4                                        text4        00080E
__ptext5                                        text5        000FDA
__ptext6                                        text6        0010A2
__ptext7                                        text7        000EC4
__ptext8                                        text8        001294
__ptext9                                        text9        001232
__ramtop                                        ramtop       000800
__smallconst                                    smallconst   000800
_abs                                            text10       0010E6
_dbuf                                           bssBANK0     000067
_dtoa                                           text4        00080E
_dtoa$1129                                      cstackCOMRAM 000030
_eusart1RxLastError                             bssCOMRAM    00005F
_flags                                          bssBANK0     000066
_fputc                                          text7        000EC4
_fputs                                          text6        0010A2
_main                                           text0        000F5A
_pad                                            text5        000FDA
_prec                                           bssBANK0     000062
_printf                                         text1        0011CA
_putch                                          text8        001294
_vfpfcnvrt                                      text3        000D76
_vfprintf                                       text2        001054
_width                                          bssBANK0     000060
abs@a                                           cstackCOMRAM 000013
dtoa@d                                          cstackCOMRAM 000020
dtoa@fp                                         cstackCOMRAM 00001E
dtoa@i                                          cstackCOMRAM 00003E
dtoa@n                                          cstackCOMRAM 000036
dtoa@p                                          cstackCOMRAM 000032
dtoa@s                                          cstackCOMRAM 000040
dtoa@w                                          cstackCOMRAM 000034
end_of_initialization                           cinit        001228
fputc@c                                         cstackCOMRAM 000003
fputc@fp                                        cstackCOMRAM 000005
fputs@c                                         cstackCOMRAM 000010
fputs@fp                                        cstackCOMRAM 00000E
fputs@i                                         cstackCOMRAM 000011
fputs@s                                         cstackCOMRAM 00000C
intlevel0                                       text         000000
intlevel1                                       text         000000
intlevel2                                       text         000000
intlevel3                                       text         000000
isa$std                                         (abs)        000001
isa$xinst                                       (abs)        000000
main@resultado                                  cstackBANK0  000091
pad@buf                                         cstackCOMRAM 000015
pad@fp                                          cstackCOMRAM 000013
pad@i                                           cstackCOMRAM 00001A
pad@p                                           cstackCOMRAM 000017
pad@w                                           cstackCOMRAM 00001C
printf@ap                                       cstackBANK0  00008D
printf@fmt                                      cstackCOMRAM 00005B
putch@txData                                    cstackCOMRAM 000002
stackhi                                         (abs)        000000
stacklo                                         (abs)        000000
start                                           init         000000
start_initialization                            cinit        00121A
vfpfcnvrt@ap                                    cstackCOMRAM 000045
vfpfcnvrt@convarg                               cstackCOMRAM 000049
vfpfcnvrt@cp                                    cstackCOMRAM 000051
vfpfcnvrt@fmt                                   cstackCOMRAM 000043
vfpfcnvrt@fp                                    cstackCOMRAM 000041
vfprintf@ap                                     cstackCOMRAM 000057
vfprintf@cfmt                                   cstackCOMRAM 000059
vfprintf@fmt                                    cstackCOMRAM 000055
vfprintf@fp                                     cstackCOMRAM 000053


MODULE INFORMATION

Module		Function		Class		Link	Load	Size
C:\Program Files\Microchip\xc8\v2.40\pic\sources\c99\common\nf_fputc.c
		_fputc         		CODE           	0EC4	0000	150

C:\Program Files\Microchip\xc8\v2.40\pic\sources\c99\common\nf_fputc.c estimated size: 150

C:\Program Files\Microchip\xc8\v2.40\pic\sources\c99\common\abs.c
		_abs           		CODE           	10E6	0000	64

C:\Program Files\Microchip\xc8\v2.40\pic\sources\c99\common\abs.c estimated size: 64

C:\Program Files\Microchip\xc8\v2.40\pic\sources\c99\common\printf.c
		_printf        		CODE           	11CA	0000	40

C:\Program Files\Microchip\xc8\v2.40\pic\sources\c99\common\printf.c estimated size: 40

mcc_generated_files/pin_manager.c
		_PIN_MANAGER_Initialize		CODE           	119E	0000	44

mcc_generated_files/pin_manager.c estimated size: 44

mcc_generated_files/adc.c
		_ADC_Initialize		CODE           	125E	0000	22
		_ADC_GetConversion		CODE           	1164	0000	58

mcc_generated_files/adc.c estimated size: 80

mcc_generated_files/ccp2.c
		_CCP2_Initialize		CODE           	1286	0000	14

mcc_generated_files/ccp2.c estimated size: 14

C:\Program Files\Microchip\xc8\v2.40\pic\sources\c99\common\nf_fputs.c
		_fputs         		CODE           	10A2	0000	68

C:\Program Files\Microchip\xc8\v2.40\pic\sources\c99\common\nf_fputs.c estimated size: 68

C:\Program Files\Microchip\xc8\v2.40\pic\sources\c99\common\aomod.c
		___aomod       		CODE           	0C12	0000	356

C:\Program Files\Microchip\xc8\v2.40\pic\sources\c99\common\aomod.c estimated size: 356

shared
		__initialization		CODE           	121A	0000	14

shared estimated size: 14

mcc_generated_files/eusart1.c
		_EUSART1_is_tx_ready		CODE           	11F2	0000	40
		_EUSART1_Initialize		CODE           	1126	0000	62
		_putch         		CODE           	1294	0000	10
		_EUSART1_SetFramingErrorHandler		CODE           	12A8	0000	10
		_EUSART1_SetOverrunErrorHandler		CODE           	129E	0000	10
		_EUSART1_SetErrorHandler		CODE           	12B2	0000	10
		_EUSART1_Write 		CODE           	1232	0000	22

mcc_generated_files/eusart1.c estimated size: 164

mcc_generated_files/mcc.c
		_OSCILLATOR_Initialize		CODE           	1274	0000	18
		_SYSTEM_Initialize		CODE           	1248	0000	22

mcc_generated_files/mcc.c estimated size: 40

C:\Program Files\Microchip\xc8\v2.40\pic\sources\c99\common\doprnt.c
		_vfpfcnvrt     		CODE           	0D76	0000	334
		_pad           		CODE           	0FDA	0000	122
		_dtoa          		CODE           	080E	0000	636
		_vfprintf      		CODE           	1054	0000	78

C:\Program Files\Microchip\xc8\v2.40\pic\sources\c99\common\doprnt.c estimated size: 1170

main.c
		_main          		CODE           	0F5A	0000	128

main.c estimated size: 128

C:\Program Files\Microchip\xc8\v2.40\pic\sources\c99\common\aodiv.c
		___aodiv       		CODE           	0A8A	0000	392

C:\Program Files\Microchip\xc8\v2.40\pic\sources\c99\common\aodiv.c estimated size: 392

