Microchip MPLAB XC8 Compiler V2.40

Linker command line:

-W-3 \
  --edf=C:\Program Files\Microchip\xc8\v2.40\pic\dat\20220703182018_en.msgs \
  -cn -h+dist/default/production\LCD_driver.X.production.sym \
  --cmf=dist/default/production\LCD_driver.X.production.cmf -z -Q18F57Q43 \
  -oC:\Users\matia\AppData\Local\Temp\xcAseuk.4 --defsym=__MPLAB_BUILD=1 \
  --fixupoverflow=error \
  -Mdist/default/production/LCD_driver.X.production.map \
  --md=C:\Users\matia\AppData\Local\Temp\xcAseuk.dat -E1 -ver=XC8 Compiler \
  --acfsm=1493 -ACODE=00h-01FFFFh -ACONST=00h-01FFFFh \
  -ASMALLCONST=02600h-026FFhx474 \
  -AMEDIUMCONST=02600h-0FFFFh,012600h-01FFFFh -ACOMRAM=0501h-055Fh \
  -AABS1=0500h-024FFh -ABIGRAM=0501h-024FFh \
  -ARAM=0560h-05FFh,0600h-06FFhx31 -ABANK5=0560h-05FFh -ABANK6=0600h-06FFh \
  -ABANK7=0700h-07FFh -ABANK8=0800h-08FFh -ABANK9=0900h-09FFh \
  -ABANK10=0A00h-0AFFh -ABANK11=0B00h-0BFFh -ABANK12=0C00h-0CFFh \
  -ABANK13=0D00h-0DFFh -ABANK14=0E00h-0EFFh -ABANK15=0F00h-0FFFh \
  -ABANK16=01000h-010FFh -ABANK17=01100h-011FFh -ABANK18=01200h-012FFh \
  -ABANK19=01300h-013FFh -ABANK20=01400h-014FFh -ABANK21=01500h-015FFh \
  -ABANK22=01600h-016FFh -ABANK23=01700h-017FFh -ABANK24=01800h-018FFh \
  -ABANK25=01900h-019FFh -ABANK26=01A00h-01AFFh -ABANK27=01B00h-01BFFh \
  -ABANK28=01C00h-01CFFh -ABANK29=01D00h-01DFFh -ABANK30=01E00h-01EFFh \
  -ABANK31=01F00h-01FFFh -ABANK32=02000h-020FFh -ABANK33=02100h-021FFh \
  -ABANK34=02200h-022FFh -ABANK35=02300h-023FFh -ABANK36=02400h-024FFh \
  -ASFR=00h-0FFhx4,0400h-045Fh,0460h-04FFh,02500h-025FFh \
  -ABIGSFR=00h-04FFh,02500h-025FFh -ACONFIG=0300000h-0300011h \
  -AIDLOC=0200000h-020003Fh -AEEDATA=0380000h-03803FFh -peeprom_data=EEDATA \
  -preset_vec=00h -ppowerup=CODE,init -pramtop=02600h \
  -psmallconst=SMALLCONST -pmediumconst=MEDIUMCONST -pconst=CONST \
  -AFARRAM=00h-00h \
  -prdata=COMRAM,nvrram=COMRAM,nvbit=COMRAM,rbss=COMRAM,rbit=COMRAM \
  -pfarbss=FARRAM,fardata=FARRAM,nvFARRAM=FARRAM \
  -pintsave_regs=BIGRAM,bigbss=BIGRAM,bigdata=BIGRAM -pbss=RAM \
  -pidata=CODE,irdata=CODE,ibigdata=CODE,ifardata=CODE -prparam=COMRAM \
  C:\Users\matia\AppData\Local\Temp\xcAseuk.o \
  dist/default/production\LCD_driver.X.production.o 

Object code version is 3.11

Machine type is 18F57Q43



                Name                               Link     Load   Length Selector   Space Scale
C:\Users\matia\AppData\Local\Temp\xcAseuk.o
                idloc                            200000   200000       40        0       5
                config                           300000   300000        A        0       4
                init                              1FFFC    1FFFC        4     FFFE       0
                reset_vec                             0        0        4        0       0
dist/default/production\LCD_driver.X.production.o
                idloc                            200000   200000       40        0       5
                config                           300000   300000        A        0       4
                text7                             1FDB2    1FDB2       16     FED9       0
                text6                             1FE64    1FE64       56     FF32       0
                text5                             1FDC8    1FDC8       16     FEE4       0
                text4                             1FDDE    1FDDE       1C     FEEF       0
                text3                             1FF5A    1FF5A       A2     FFAD       0
                text2                             1FE1A    1FE1A       24     FF0D       0
                text1                             1FDA4    1FDA4        E     FED2       0
                text0                             1FEBA    1FEBA       A0     FF5D       0
                cstackCOMRAM                        501      501       24      501       1
                dataCOMRAM                          525      525       20      501       1
                cinit                             1FE3E    1FE3E       26     FF1F       0
                idataCOMRAM                       1FDFA    1FDFA       20    1FDFA       0

TOTAL           Name                               Link     Load   Length     Space
        CLASS   CODE           
                init                              1FFFC    1FFFC        4         0
                reset_vec                             0        0        4         0
                text7                             1FDB2    1FDB2       16         0
                text6                             1FE64    1FE64       56         0
                text5                             1FDC8    1FDC8       16         0
                text4                             1FDDE    1FDDE       1C         0
                text3                             1FF5A    1FF5A       A2         0
                text2                             1FE1A    1FE1A       24         0
                text1                             1FDA4    1FDA4        E         0
                text0                             1FEBA    1FEBA       A0         0
                cinit                             1FE3E    1FE3E       26         0
                idataCOMRAM                       1FDFA    1FDFA       20         0

        CLASS   CONST          

        CLASS   SMALLCONST     

        CLASS   MEDIUMCONST    

        CLASS   COMRAM         
                cstackCOMRAM                        501      501       24         1
                dataCOMRAM                          525      525       20         1

        CLASS   ABS1           

        CLASS   BIGRAM         

        CLASS   RAM            

        CLASS   BANK5          

        CLASS   BANK6          

        CLASS   BANK7          

        CLASS   BANK8          

        CLASS   BANK9          

        CLASS   BANK10         

        CLASS   BANK11         

        CLASS   BANK12         

        CLASS   BANK13         

        CLASS   BANK14         

        CLASS   BANK15         

        CLASS   BANK16         

        CLASS   BANK17         

        CLASS   BANK18         

        CLASS   BANK19         

        CLASS   BANK20         

        CLASS   BANK21         

        CLASS   BANK22         

        CLASS   BANK23         

        CLASS   BANK24         

        CLASS   BANK25         

        CLASS   BANK26         

        CLASS   BANK27         

        CLASS   BANK28         

        CLASS   BANK29         

        CLASS   BANK30         

        CLASS   BANK31         

        CLASS   BANK32         

        CLASS   BANK33         

        CLASS   BANK34         

        CLASS   BANK35         

        CLASS   BANK36         

        CLASS   SFR            

        CLASS   BIGSFR         

        CLASS   CONFIG         
                config                           300000   300000        A         4

        CLASS   IDLOC          
                idloc                            200000   200000       40         5

        CLASS   EEDATA         

        CLASS   FARRAM         

        CLASS   HEAP           

        CLASS   STACK          



SEGMENTS        Name                           Load    Length   Top    Selector   Space  Class

                reset_vec                      000000  000004  000004         0       0  CODE    
                cstackCOMRAM                   000501  000044  000545       501       1  COMRAM  
                text1                          01FDA4  00000E  01FDB2      FED2       0  CODE    
                text7                          01FDB2  000016  01FDC8      FED9       0  CODE    
                text5                          01FDC8  000016  01FDDE      FEE4       0  CODE    
                text4                          01FDDE  00001C  01FDFA      FEEF       0  CODE    
                idataCOMRAM                    01FDFA  000020  01FE1A     1FDFA       0  CODE    
                text2                          01FE1A  000024  01FE3E      FF0D       0  CODE    
                cinit                          01FE3E  000026  01FE64      FF1F       0  CODE    
                text6                          01FE64  000056  01FEBA      FF32       0  CODE    
                text0                          01FEBA  0000A0  01FF5A      FF5D       0  CODE    
                text3                          01FF5A  0000A2  01FFFC      FFAD       0  CODE    
                init                           01FFFC  000004  020000      FFFE       0  CODE    


UNUSED ADDRESS RANGES

        Name                Unused          Largest block    Delta
        BANK10           000A00-000AFF              100
        BANK11           000B00-000BFF              100
        BANK12           000C00-000CFF              100
        BANK13           000D00-000DFF              100
        BANK14           000E00-000EFF              100
        BANK15           000F00-000FFF              100
        BANK16           001000-0010FF              100
        BANK17           001100-0011FF              100
        BANK18           001200-0012FF              100
        BANK19           001300-0013FF              100
        BANK20           001400-0014FF              100
        BANK21           001500-0015FF              100
        BANK22           001600-0016FF              100
        BANK23           001700-0017FF              100
        BANK24           001800-0018FF              100
        BANK25           001900-0019FF              100
        BANK26           001A00-001AFF              100
        BANK27           001B00-001BFF              100
        BANK28           001C00-001CFF              100
        BANK29           001D00-001DFF              100
        BANK30           001E00-001EFF              100
        BANK31           001F00-001FFF              100
        BANK32           002000-0020FF              100
        BANK33           002100-0021FF              100
        BANK34           002200-0022FF              100
        BANK35           002300-0023FF              100
        BANK36           002400-0024FF              100
        BANK5            000560-0005FF               A0
        BANK6            000600-0006FF              100
        BANK7            000700-0007FF              100
        BANK8            000800-0008FF              100
        BANK9            000900-0009FF              100
        BIGRAM           000545-0024FF             1FBB
        BIGSFR           000000-0004FF              500
                         002500-0025FF              100
        CODE             000004-01FDA3            1FDA0
        COMRAM           000545-00055F               1B
        CONFIG           30000A-300011                8
        CONST            000004-01FDA3            1FDA0
        EEDATA           380000-3803FF              400
        MEDIUMCONST      002600-00FFFF             DA00
                         012600-01FDA3             D7A4
        RAM              000560-0024FF              100
        SFR              000000-0004FF              100
                         002500-0025FF              100
        SMALLCONST       002600-01FDA3              100

                                  Symbol Table

LCD_display_character@c         cstackCOMRAM 000501
LCD_send_command@command        cstackCOMRAM 000501
_ACTCON                         (abs)        0000AC
_ANSELA                         (abs)        000400
_ANSELB                         (abs)        000408
_ANSELC                         (abs)        000410
_ANSELD                         (abs)        000418
_ANSELE                         (abs)        000420
_ANSELF                         (abs)        000428
_INLVLA                         (abs)        000404
_INLVLB                         (abs)        00040C
_INLVLC                         (abs)        000414
_INLVLD                         (abs)        00041C
_INLVLE                         (abs)        000424
_INLVLF                         (abs)        00042C
_LATA                           (abs)        0004BE
_LATB                           (abs)        0004BF
_LATC                           (abs)        0004C0
_LATD                           (abs)        0004C1
_LATE                           (abs)        0004C2
_LATEbits                       (abs)        0004C2
_LATF                           (abs)        0004C3
_LCD_display_character          text7        01FDB2
_LCD_initialize                 text6        01FE64
_LCD_send_command               text5        01FDC8
_ODCONA                         (abs)        000402
_ODCONB                         (abs)        00040A
_ODCONC                         (abs)        000412
_ODCOND                         (abs)        00041A
_ODCONE                         (abs)        000422
_ODCONF                         (abs)        00042A
_OSCCON1                        (abs)        0000AD
_OSCCON3                        (abs)        0000AF
_OSCEN                          (abs)        0000B3
_OSCFRQ                         (abs)        0000B1
_OSCILLATOR_Initialize          text4        01FDDE
_OSCTUNE                        (abs)        0000B0
_PIN_MANAGER_Initialize         text3        01FF5A
_PMD0                           (abs)        000060
_PMD1                           (abs)        000061
_PMD3                           (abs)        000063
_PMD4                           (abs)        000064
_PMD5                           (abs)        000065
_PMD6                           (abs)        000066
_PMD7                           (abs)        000067
_PMD8                           (abs)        000068
_PMD_Initialize                 text2        01FE1A
_RB1I2C                         (abs)        000289
_RB2I2C                         (abs)        000288
_RC3I2C                         (abs)        000287
_RC4I2C                         (abs)        000286
_SLRCONA                        (abs)        000403
_SLRCONB                        (abs)        00040B
_SLRCONC                        (abs)        000413
_SLRCOND                        (abs)        00041B
_SLRCONE                        (abs)        000423
_SLRCONF                        (abs)        00042B
_SYSTEM_Initialize              text1        01FDA4
_TRISA                          (abs)        0004C6
_TRISB                          (abs)        0004C7
_TRISC                          (abs)        0004C8
_TRISD                          (abs)        0004C9
_TRISE                          (abs)        0004CA
_TRISF                          (abs)        0004CB
_WPUA                           (abs)        000401
_WPUB                           (abs)        000409
_WPUC                           (abs)        000411
_WPUD                           (abs)        000419
_WPUE                           (abs)        000421
_WPUF                           (abs)        000429
__HRAM                          (abs)        000000
__Habs1                         abs1         000000
__Hbank10                       bank10       000000
__Hbank11                       bank11       000000
__Hbank12                       bank12       000000
__Hbank13                       bank13       000000
__Hbank14                       bank14       000000
__Hbank15                       bank15       000000
__Hbank16                       bank16       000000
__Hbank17                       bank17       000000
__Hbank18                       bank18       000000
__Hbank19                       bank19       000000
__Hbank20                       bank20       000000
__Hbank21                       bank21       000000
__Hbank22                       bank22       000000
__Hbank23                       bank23       000000
__Hbank24                       bank24       000000
__Hbank25                       bank25       000000
__Hbank26                       bank26       000000
__Hbank27                       bank27       000000
__Hbank28                       bank28       000000
__Hbank29                       bank29       000000
__Hbank30                       bank30       000000
__Hbank31                       bank31       000000
__Hbank32                       bank32       000000
__Hbank33                       bank33       000000
__Hbank34                       bank34       000000
__Hbank35                       bank35       000000
__Hbank36                       bank36       000000
__Hbank5                        bank5        000000
__Hbank6                        bank6        000000
__Hbank7                        bank7        000000
__Hbank8                        bank8        000000
__Hbank9                        bank9        000000
__Hbigbss                       bigbss       000000
__Hbigdata                      bigdata      000000
__Hbigram                       bigram       000000
__Hbigsfr                       bigsfr       000000
__Hbss                          bss          000000
__Hcinit                        cinit        000000
__Hclrtext                      clrtext      000000
__Hcomram                       comram       000000
__Hconfig                       config       30000A
__Hconst                        const        000000
__HcstackCOMRAM                 cstackCOMRAM 000000
__Hdata                         data         000000
__HdataCOMRAM                   dataCOMRAM   000000
__Heeprom_data                  eeprom_data  000000
__Hfarbss                       farbss       000000
__Hfardata                      fardata      000000
__Hheap                         heap         000000
__Hibigdata                     ibigdata     000000
__Hidata                        idata        000000
__HidataCOMRAM                  idataCOMRAM  000000
__Hidloc                        idloc        200040
__Hifardata                     ifardata     000000
__Hinit                         init         020000
__Hintsave_regs                 intsave_regs 000000
__Hirdata                       irdata       000000
__Hmediumconst                  mediumconst  000000
__HnvFARRAM                     nvFARRAM     000000
__Hnvbit                        nvbit        000000
__Hnvrram                       nvrram       000000
__Hparam                        rparam       000000
__Hpowerup                      powerup      000000
__Hram                          ram          000000
__Hramtop                       ramtop       002600
__Hrbit                         rbit         000000
__Hrbss                         rbss         000000
__Hrdata                        rdata        000000
__Hreset_vec                    reset_vec    000004
__Hrparam                       rparam       000000
__Hsfr                          sfr          000000
__Hsmallconst                   smallconst   000000
__Hspace_0                      (abs)        020000
__Hspace_1                      (abs)        000545
__Hspace_2                      (abs)        000000
__Hspace_4                      (abs)        60000A
__Hstack                        stack        000000
__Hstruct                       struct       000000
__Htemp                         temp         000000
__Htext                         text         000000
__Htext0                        text0        000000
__Htext1                        text1        000000
__Htext2                        text2        000000
__Htext3                        text3        000000
__Htext4                        text4        000000
__Htext5                        text5        000000
__Htext6                        text6        000000
__Htext7                        text7        000000
__LRAM                          (abs)        000001
__Labs1                         abs1         000000
__Lbank10                       bank10       000000
__Lbank11                       bank11       000000
__Lbank12                       bank12       000000
__Lbank13                       bank13       000000
__Lbank14                       bank14       000000
__Lbank15                       bank15       000000
__Lbank16                       bank16       000000
__Lbank17                       bank17       000000
__Lbank18                       bank18       000000
__Lbank19                       bank19       000000
__Lbank20                       bank20       000000
__Lbank21                       bank21       000000
__Lbank22                       bank22       000000
__Lbank23                       bank23       000000
__Lbank24                       bank24       000000
__Lbank25                       bank25       000000
__Lbank26                       bank26       000000
__Lbank27                       bank27       000000
__Lbank28                       bank28       000000
__Lbank29                       bank29       000000
__Lbank30                       bank30       000000
__Lbank31                       bank31       000000
__Lbank32                       bank32       000000
__Lbank33                       bank33       000000
__Lbank34                       bank34       000000
__Lbank35                       bank35       000000
__Lbank36                       bank36       000000
__Lbank5                        bank5        000000
__Lbank6                        bank6        000000
__Lbank7                        bank7        000000
__Lbank8                        bank8        000000
__Lbank9                        bank9        000000
__Lbigbss                       bigbss       000000
__Lbigdata                      bigdata      000000
__Lbigram                       bigram       000000
__Lbigsfr                       bigsfr       000000
__Lbss                          bss          000000
__Lcinit                        cinit        000000
__Lclrtext                      clrtext      000000
__Lcomram                       comram       000000
__Lconfig                       config       000000
__Lconst                        const        000000
__LcstackCOMRAM                 cstackCOMRAM 000000
__Ldata                         data         000000
__LdataCOMRAM                   dataCOMRAM   000000
__Leeprom_data                  eeprom_data  000000
__Lfarbss                       farbss       000000
__Lfardata                      fardata      000000
__Lheap                         heap         000000
__Libigdata                     ibigdata     000000
__Lidata                        idata        000000
__LidataCOMRAM                  idataCOMRAM  000000
__Lidloc                        idloc        000000
__Lifardata                     ifardata     000000
__Linit                         init         01FFFC
__Lintsave_regs                 intsave_regs 000000
__Lirdata                       irdata       000000
__Lmediumconst                  mediumconst  000000
__LnvFARRAM                     nvFARRAM     000000
__Lnvbit                        nvbit        000000
__Lnvrram                       nvrram       000000
__Lparam                        rparam       000000
__Lpowerup                      powerup      000000
__Lram                          ram          000000
__Lramtop                       ramtop       002600
__Lrbit                         rbit         000000
__Lrbss                         rbss         000000
__Lrdata                        rdata        000000
__Lreset_vec                    reset_vec    000000
__Lrparam                       rparam       000000
__Lsfr                          sfr          000000
__Lsmallconst                   smallconst   000000
__Lspace_0                      (abs)        000000
__Lspace_1                      (abs)        000000
__Lspace_2                      (abs)        000000
__Lspace_4                      (abs)        000000
__Lstack                        stack        000000
__Lstruct                       struct       000000
__Ltemp                         temp         000000
__Ltext                         text         000000
__Ltext0                        text0        000000
__Ltext1                        text1        000000
__Ltext2                        text2        000000
__Ltext3                        text3        000000
__Ltext4                        text4        000000
__Ltext5                        text5        000000
__Ltext6                        text6        000000
__Ltext7                        text7        000000
__S0                            (abs)        020000
__S1                            (abs)        000545
__S4                            (abs)        000000
__S5                            (abs)        000000
___heap_hi                      (abs)        000000
___heap_lo                      (abs)        000000
___inthi_sp                     stack        000000
___intlo_sp                     stack        000000
___param_bank                   (abs)        000000
___rparam_used                  (abs)        000001
___sp                           stack        000000
__accesstop                     (abs)        000560
__activetblptr                  (abs)        000000
__end_of_LCD_display_character  text7        01FDC8
__end_of_LCD_initialize         text6        01FEBA
__end_of_LCD_send_command       text5        01FDDE
__end_of_OSCILLATOR_Initialize  text4        01FDFA
__end_of_PIN_MANAGER_Initialize text3        01FFFC
__end_of_PMD_Initialize         text2        01FE3E
__end_of_SYSTEM_Initialize      text1        01FDB2
__end_of__initialization        cinit        01FE5E
__end_of_main                   text0        01FF5A
__initialization                cinit        01FE3E
__mediumconst                   mediumconst  000000
__pcinit                        cinit        01FE3E
__pcstackCOMRAM                 cstackCOMRAM 000501
__pdataCOMRAM                   dataCOMRAM   000525
__pidataCOMRAM                  idataCOMRAM  01FDFA
__ptext0                        text0        01FEBA
__ptext1                        text1        01FDA4
__ptext2                        text2        01FE1A
__ptext3                        text3        01FF5A
__ptext4                        text4        01FDDE
__ptext5                        text5        01FDC8
__ptext6                        text6        01FE64
__ptext7                        text7        01FDB2
__ramtop                        ramtop       002600
__smallconst                    smallconst   000000
_main                           text0        01FEBA
end_of_initialization           cinit        01FE5E
intlevel0                       text         000000
intlevel1                       text         000000
intlevel2                       text         000000
intlevel3                       text         000000
isa$std                         (abs)        000001
isa$xinst                       (abs)        000000
main@F17019                     dataCOMRAM   000535
main@F17021                     dataCOMRAM   000525
main@i                          cstackCOMRAM 000524
main@line_1                     cstackCOMRAM 000504
main@line_2                     cstackCOMRAM 000514
stackhi                         (abs)        000000
stacklo                         (abs)        000000
start                           init         01FFFC
start_initialization            cinit        01FE3E


MODULE INFORMATION

Module		Function		Class		Link	Load	Size
mcc_generated_files/pin_manager.c
		_PIN_MANAGER_Initialize		CODE           	1FF5A	0000	162

mcc_generated_files/pin_manager.c estimated size: 162

shared
		__initialization		CODE           	1FE3E	0000	32

shared estimated size: 32

mcc_generated_files/mcc.c
		_PMD_Initialize		CODE           	1FE1A	0000	36
		_OSCILLATOR_Initialize		CODE           	1FDDE	0000	28
		_SYSTEM_Initialize		CODE           	1FDA4	0000	14

mcc_generated_files/mcc.c estimated size: 78

main.c
		_main          		CODE           	1FEBA	0000	160
		_LCD_display_character		CODE           	1FDB2	0000	22
		_LCD_send_command		CODE           	1FDC8	0000	22
		_LCD_initialize		CODE           	1FE64	0000	86

main.c estimated size: 290

