Microchip MPLAB XC8 Compiler V2.40

Linker command line:

-W-3 \
  --edf=C:\Program Files\Microchip\xc8\v2.40\pic\dat\20220703182018_en.msgs \
  -pivt0x8=08h -cn -h+dist/default/production\LB8.X.production.sym \
  --cmf=dist/default/production\LB8.X.production.cmf -z -Q18F57Q43 \
  -oC:\Users\vazqu\AppData\Local\Temp\xcAsnc.5 --defsym=__MPLAB_BUILD=1 \
  --fixupoverflow=error -Mdist/default/production/LB8.X.production.map \
  --md=C:\Users\vazqu\AppData\Local\Temp\xcAsnc.dat -E1 -ver=XC8 Compiler \
  --acfsm=1493 -ACODE=00h-01FFFFh -ACONST=00h-01FFFFh \
  -ASMALLCONST=02600h-026FFhx474 \
  -AMEDIUMCONST=02600h-0FFFFh,012600h-01FFFFh -ACOMRAM=0501h-055Fh \
  -AABS1=0500h-024FFh -ABIGRAM=0501h-024FFh \
  -ARAM=0560h-05FFh,0600h-06FFhx31 -ABANK5=0560h-05FFh -ABANK6=0600h-06FFh \
  -ABANK7=0700h-07FFh -ABANK8=0800h-08FFh -ABANK9=0900h-09FFh \
  -ABANK10=0A00h-0AFFh -ABANK11=0B00h-0BFFh -ABANK12=0C00h-0CFFh \
  -ABANK13=0D00h-0DFFh -ABANK14=0E00h-0EFFh -ABANK15=0F00h-0FFFh \
  -ABANK16=01000h-010FFh -ABANK17=01100h-011FFh -ABANK18=01200h-012FFh \
  -ABANK19=01300h-013FFh -ABANK20=01400h-014FFh -ABANK21=01500h-015FFh \
  -ABANK22=01600h-016FFh -ABANK23=01700h-017FFh -ABANK24=01800h-018FFh \
  -ABANK25=01900h-019FFh -ABANK26=01A00h-01AFFh -ABANK27=01B00h-01BFFh \
  -ABANK28=01C00h-01CFFh -ABANK29=01D00h-01DFFh -ABANK30=01E00h-01EFFh \
  -ABANK31=01F00h-01FFFh -ABANK32=02000h-020FFh -ABANK33=02100h-021FFh \
  -ABANK34=02200h-022FFh -ABANK35=02300h-023FFh -ABANK36=02400h-024FFh \
  -ASFR=00h-0FFhx4,0400h-045Fh,0460h-04FFh,02500h-025FFh \
  -ABIGSFR=00h-04FFh,02500h-025FFh -ACONFIG=0300000h-0300011h \
  -AIDLOC=0200000h-020003Fh -AEEDATA=0380000h-03803FFh -peeprom_data=EEDATA \
  -preset_vec=00h -ppowerup=CODE,init -pramtop=02600h \
  -psmallconst=SMALLCONST -pmediumconst=MEDIUMCONST -pconst=CONST \
  -AFARRAM=00h-00h \
  -prdata=COMRAM,nvrram=COMRAM,nvbit=COMRAM,rbss=COMRAM,rbit=COMRAM \
  -pfarbss=FARRAM,fardata=FARRAM,nvFARRAM=FARRAM \
  -pintsave_regs=BIGRAM,bigbss=BIGRAM,bigdata=BIGRAM -pbss=RAM \
  -pidata=CODE,irdata=CODE,ibigdata=CODE,ifardata=CODE -prparam=COMRAM \
  C:\Users\vazqu\AppData\Local\Temp\xcAsnc.o \
  dist/default/production\LB8.X.production.o 

Object code version is 3.11

Machine type is 18F57Q43



                Name                               Link     Load   Length Selector   Space Scale
C:\Users\vazqu\AppData\Local\Temp\xcAsnc.o
                idloc                            200000   200000       40        0       5
                config                           300000   300000        A        0       4
                init                                102      102        4        4       0
                reset_vec                             0        0        4        0       0
dist/default/production\LB8.X.production.o
                idloc                            200000   200000       40        0       5
                config                           300000   300000        A        0       4
                smallconst                         2600     2600       18     1300       0
                ivt0x8                                8        8       FA        4       0
                text23                             40DA     40DA      1B4     130C       0
                text22                             38FE     38FE      39A     130C       0
                text21                             4746     4746       AA     1166       0
                text20                             4394     4394      104     130C       0
                text19                             34D4     34D4      42A     130C       0
                text18                             4B14     4B14       38     1166       0
                text17                             3014     3014      4C0     130C       0
                text16                             4A46     4A46       46     1166       0
                text15                             428E     428E      106     130C       0
                text14                             4498     4498       FE     130C       0
                text13                             3EC8     3EC8      212     130C       0
                text12                             48E8     48E8       66     1166       0
                text11                             49F6     49F6       50     1166       0
                text10                             4B7C     4B7C        2     1166       0
                text9                              467C     467C       CA     1166       0
                text8                              4AD0     4AD0       44     1166       0
                text7                              486E     486E       7A     1166       0
                text6                              4A8C     4A8C       44     1166       0
                text5                              2618     2618      9FC     130C       0
                text4                              3C98     3C98      230     130C       0
                text3                              494E     494E       56     1166       0
                text2                              49A4     49A4       52     1166       0
                text1                              4598     4598       E4     1166       0
                text0                              47F0     47F0       7E     1166       0
                cstackCOMRAM                        501      501       5C      501       1
                cstackBANK5                         560      560       58      560       1
                bssBANK6                            600      600       50      600       1
                bssBANK5                            5B8      5B8        B      560       1
                bssCOMRAM                           55D      55D        2      501       1
                cinit                              4B4C     4B4C       30     1166       0

TOTAL           Name                               Link     Load   Length     Space
        CLASS   CODE           
                init                                102      102        4         0
                reset_vec                             0        0        4         0
                ivt0x8                                8        8       FA         0
                text23                             40DA     40DA      1B4         0
                text22                             38FE     38FE      39A         0
                text21                             4746     4746       AA         0
                text20                             4394     4394      104         0
                text19                             34D4     34D4      42A         0
                text18                             4B14     4B14       38         0
                text17                             3014     3014      4C0         0
                text16                             4A46     4A46       46         0
                text15                             428E     428E      106         0
                text14                             4498     4498       FE         0
                text13                             3EC8     3EC8      212         0
                text12                             48E8     48E8       66         0
                text11                             49F6     49F6       50         0
                text10                             4B7C     4B7C        2         0
                text9                              467C     467C       CA         0
                text8                              4AD0     4AD0       44         0
                text7                              486E     486E       7A         0
                text6                              4A8C     4A8C       44         0
                text5                              2618     2618      9FC         0
                text4                              3C98     3C98      230         0
                text3                              494E     494E       56         0
                text2                              49A4     49A4       52         0
                text1                              4598     4598       E4         0
                text0                              47F0     47F0       7E         0
                cinit                              4B4C     4B4C       30         0

        CLASS   CONST          

        CLASS   SMALLCONST     
                smallconst                         2600     2600       18         0

        CLASS   MEDIUMCONST    

        CLASS   COMRAM         
                cstackCOMRAM                        501      501       5C         1
                bssCOMRAM                           55D      55D        2         1

        CLASS   ABS1           

        CLASS   BIGRAM         

        CLASS   RAM            

        CLASS   BANK5          
                cstackBANK5                         560      560       58         1
                bssBANK5                            5B8      5B8        B         1

        CLASS   BANK6          
                bssBANK6                            600      600       50         1

        CLASS   BANK7          

        CLASS   BANK8          

        CLASS   BANK9          

        CLASS   BANK10         

        CLASS   BANK11         

        CLASS   BANK12         

        CLASS   BANK13         

        CLASS   BANK14         

        CLASS   BANK15         

        CLASS   BANK16         

        CLASS   BANK17         

        CLASS   BANK18         

        CLASS   BANK19         

        CLASS   BANK20         

        CLASS   BANK21         

        CLASS   BANK22         

        CLASS   BANK23         

        CLASS   BANK24         

        CLASS   BANK25         

        CLASS   BANK26         

        CLASS   BANK27         

        CLASS   BANK28         

        CLASS   BANK29         

        CLASS   BANK30         

        CLASS   BANK31         

        CLASS   BANK32         

        CLASS   BANK33         

        CLASS   BANK34         

        CLASS   BANK35         

        CLASS   BANK36         

        CLASS   SFR            

        CLASS   BIGSFR         

        CLASS   CONFIG         
                config                           300000   300000        A         4

        CLASS   IDLOC          
                idloc                            200000   200000       40         5

        CLASS   EEDATA         

        CLASS   FARRAM         

        CLASS   HEAP           

        CLASS   STACK          



SEGMENTS        Name                           Load    Length   Top    Selector   Space  Class

                reset_vec                      000000  000004  000004         0       0  CODE    
                ivt0x8                         000008  0000FE  000106         4       0  CODE    
                cstackCOMRAM                   000501  00005E  00055F       501       1  COMRAM  
                cstackBANK5                    000560  000063  0005C3       560       1  BANK5   
                bssBANK6                       000600  000050  000650       600       1  BANK6   
                smallconst                     002600  000018  002618      1300       0  SMALLCON
                text5                          002618  001F7E  004596      130C       0  CODE    
                text1                          004598  0005E6  004B7E      1166       0  CODE    


UNUSED ADDRESS RANGES

        Name                Unused          Largest block    Delta
        BANK10           000A00-000AFF              100
        BANK11           000B00-000BFF              100
        BANK12           000C00-000CFF              100
        BANK13           000D00-000DFF              100
        BANK14           000E00-000EFF              100
        BANK15           000F00-000FFF              100
        BANK16           001000-0010FF              100
        BANK17           001100-0011FF              100
        BANK18           001200-0012FF              100
        BANK19           001300-0013FF              100
        BANK20           001400-0014FF              100
        BANK21           001500-0015FF              100
        BANK22           001600-0016FF              100
        BANK23           001700-0017FF              100
        BANK24           001800-0018FF              100
        BANK25           001900-0019FF              100
        BANK26           001A00-001AFF              100
        BANK27           001B00-001BFF              100
        BANK28           001C00-001CFF              100
        BANK29           001D00-001DFF              100
        BANK30           001E00-001EFF              100
        BANK31           001F00-001FFF              100
        BANK32           002000-0020FF              100
        BANK33           002100-0021FF              100
        BANK34           002200-0022FF              100
        BANK35           002300-0023FF              100
        BANK36           002400-0024FF              100
        BANK5            0005C3-0005FF               3D
        BANK6            000650-0006FF               B0
        BANK7            000700-0007FF              100
        BANK8            000800-0008FF              100
        BANK9            000900-0009FF              100
        BIGRAM           00055F-00055F                1
                         0005C3-0005FF               3D
                         000650-0024FF             1EB0
        BIGSFR           000000-0004FF              500
                         002500-0025FF              100
        CODE             000004-000007                4
                         000106-0025FF             24FA
                         004596-004597                2
                         004B7E-01FFFF            1B482
        COMRAM           00055F-00055F                1
        CONFIG           30000A-300011                8
        CONST            000004-000007                4
                         000106-0025FF             24FA
                         004596-004597                2
                         004B7E-01FFFF            1B482
        EEDATA           380000-3803FF              400
        MEDIUMCONST      004596-004597                2
                         004B7E-00FFFF             B482
                         012600-01FFFF             DA00
        RAM              0005C3-0005FF               3D
                         000650-0024FF              100
        SFR              000000-0004FF              100
                         002500-0025FF              100
        SMALLCONST       004596-004597                2
                         004B7E-01FFFF              100

                                  Symbol Table

?___fladd                cstackCOMRAM 000501
?___fldiv                cstackCOMRAM 000501
?___flmul                cstackCOMRAM 00050F
?___flneg                cstackCOMRAM 000501
?___flsub                cstackCOMRAM 000528
?___fltol                cstackCOMRAM 000501
?___fpclassifyf          cstackCOMRAM 000501
?___xxtofl               cstackCOMRAM 000501
?_floorf                 cstackCOMRAM 00051A
?_labs                   cstackCOMRAM 000501
?_sprintf                cstackBANK5  000598
?_vfprintf               cstackBANK5  000592
ADC_ISR@THEM             cstackBANK5  0005B2
ADC_ISR@i                cstackBANK5  0005B6
ADC_ISR@str_out          cstackBANK5  0005A0
IVTBASEH                 (abs)        00045E
IVTBASEL                 (abs)        00045D
IVTBASEU                 (abs)        00045F
_ADACQ                   (abs)        0003EE
_ADACTbits               (abs)        0003F9
_ADCON0bits              (abs)        0003F3
_ADCON3bits              (abs)        0003F6
_ADC_ISR                 text1        004598
_ADPCHbits               (abs)        0003EC
_ADPRE                   (abs)        0003F1
_ADREFbits               (abs)        0003F8
_ADRESH                  (abs)        0003EB
_ANSELAbits              (abs)        000400
_ANSELC                  (abs)        000410
_ANSELF                  (abs)        000428
_INTCON0bits             (abs)        0004D6
_IPR1bits                (abs)        000363
_LATC                    (abs)        0004C0
_PIE1bits                (abs)        00049F
_PIR1bits                (abs)        0004AF
_RF0PPS                  (abs)        000229
_TRISAbits               (abs)        0004C6
_TRISC                   (abs)        0004C8
_TRISFbits               (abs)        0004CB
_U1BRG                   (abs)        0002AE
_U1CON0bits              (abs)        0002AB
_U1CON1bits              (abs)        0002AC
_U1FIFObits              (abs)        0002B0
_U1RXPPSbits             (abs)        000272
_U1TXB                   (abs)        0002A3
__HRAM                   (abs)        000000
__Habs1                  abs1         000000
__Hbank10                bank10       000000
__Hbank11                bank11       000000
__Hbank12                bank12       000000
__Hbank13                bank13       000000
__Hbank14                bank14       000000
__Hbank15                bank15       000000
__Hbank16                bank16       000000
__Hbank17                bank17       000000
__Hbank18                bank18       000000
__Hbank19                bank19       000000
__Hbank20                bank20       000000
__Hbank21                bank21       000000
__Hbank22                bank22       000000
__Hbank23                bank23       000000
__Hbank24                bank24       000000
__Hbank25                bank25       000000
__Hbank26                bank26       000000
__Hbank27                bank27       000000
__Hbank28                bank28       000000
__Hbank29                bank29       000000
__Hbank30                bank30       000000
__Hbank31                bank31       000000
__Hbank32                bank32       000000
__Hbank33                bank33       000000
__Hbank34                bank34       000000
__Hbank35                bank35       000000
__Hbank36                bank36       000000
__Hbank5                 bank5        000000
__Hbank6                 bank6        000000
__Hbank7                 bank7        000000
__Hbank8                 bank8        000000
__Hbank9                 bank9        000000
__Hbigbss                bigbss       000000
__Hbigdata               bigdata      000000
__Hbigram                bigram       000000
__Hbigsfr                bigsfr       000000
__Hbss                   bss          000000
__HbssBANK5              bssBANK5     000000
__HbssBANK6              bssBANK6     000000
__HbssCOMRAM             bssCOMRAM    000000
__Hcinit                 cinit        000000
__Hclrtext               clrtext      000000
__Hcomram                comram       000000
__Hconfig                config       30000A
__Hconst                 const        000000
__HcstackBANK5           cstackBANK5  000000
__HcstackBANK6           cstackBANK6  000000
__HcstackCOMRAM          cstackCOMRAM 000000
__Hdata                  data         000000
__Heeprom_data           eeprom_data  000000
__Hfarbss                farbss       000000
__Hfardata               fardata      000000
__Hheap                  heap         000000
__Hibigdata              ibigdata     000000
__Hidata                 idata        000000
__Hidloc                 idloc        200040
__Hifardata              ifardata     000000
__Hinit                  init         000106
__Hintsave_regs          intsave_regs 000000
__Hirdata                irdata       000000
__Hivt0x8                ivt0x8       000102
__Hmediumconst           mediumconst  000000
__HnvFARRAM              nvFARRAM     000000
__Hnvbit                 nvbit        000000
__Hnvrram                nvrram       000000
__Hparam                 rparam       000000
__Hpowerup               powerup      000000
__Hram                   ram          000000
__Hramtop                ramtop       002600
__Hrbit                  rbit         000000
__Hrbss                  rbss         000000
__Hrdata                 rdata        000000
__Hreset_vec             reset_vec    000004
__Hrparam                rparam       000000
__Hsfr                   sfr          000000
__Hsmallconst            smallconst   002618
__Hspace_0               (abs)        004B7E
__Hspace_1               (abs)        000650
__Hspace_2               (abs)        000000
__Hspace_4               (abs)        60000A
__Hstack                 stack        000000
__Hstruct                struct       000000
__Htemp                  temp         000000
__Htext                  text         000000
__Htext0                 text0        000000
__Htext1                 text1        000000
__Htext10                text10       000000
__Htext11                text11       000000
__Htext12                text12       000000
__Htext13                text13       000000
__Htext14                text14       000000
__Htext15                text15       000000
__Htext16                text16       000000
__Htext17                text17       000000
__Htext18                text18       000000
__Htext19                text19       000000
__Htext2                 text2        000000
__Htext20                text20       000000
__Htext21                text21       000000
__Htext22                text22       000000
__Htext23                text23       000000
__Htext3                 text3        000000
__Htext4                 text4        000000
__Htext5                 text5        000000
__Htext6                 text6        000000
__Htext7                 text7        000000
__Htext8                 text8        000000
__Htext9                 text9        000000
__LRAM                   (abs)        000001
__Labs1                  abs1         000000
__Lbank10                bank10       000000
__Lbank11                bank11       000000
__Lbank12                bank12       000000
__Lbank13                bank13       000000
__Lbank14                bank14       000000
__Lbank15                bank15       000000
__Lbank16                bank16       000000
__Lbank17                bank17       000000
__Lbank18                bank18       000000
__Lbank19                bank19       000000
__Lbank20                bank20       000000
__Lbank21                bank21       000000
__Lbank22                bank22       000000
__Lbank23                bank23       000000
__Lbank24                bank24       000000
__Lbank25                bank25       000000
__Lbank26                bank26       000000
__Lbank27                bank27       000000
__Lbank28                bank28       000000
__Lbank29                bank29       000000
__Lbank30                bank30       000000
__Lbank31                bank31       000000
__Lbank32                bank32       000000
__Lbank33                bank33       000000
__Lbank34                bank34       000000
__Lbank35                bank35       000000
__Lbank36                bank36       000000
__Lbank5                 bank5        000000
__Lbank6                 bank6        000000
__Lbank7                 bank7        000000
__Lbank8                 bank8        000000
__Lbank9                 bank9        000000
__Lbigbss                bigbss       000000
__Lbigdata               bigdata      000000
__Lbigram                bigram       000000
__Lbigsfr                bigsfr       000000
__Lbss                   bss          000000
__LbssBANK5              bssBANK5     000000
__LbssBANK6              bssBANK6     000000
__LbssCOMRAM             bssCOMRAM    000000
__Lcinit                 cinit        000000
__Lclrtext               clrtext      000000
__Lcomram                comram       000000
__Lconfig                config       000000
__Lconst                 const        000000
__LcstackBANK5           cstackBANK5  000000
__LcstackBANK6           cstackBANK6  000000
__LcstackCOMRAM          cstackCOMRAM 000000
__Ldata                  data         000000
__Leeprom_data           eeprom_data  000000
__Lfarbss                farbss       000000
__Lfardata               fardata      000000
__Lheap                  heap         000000
__Libigdata              ibigdata     000000
__Lidata                 idata        000000
__Lidloc                 idloc        000000
__Lifardata              ifardata     000000
__Linit                  init         000102
__Lintsave_regs          intsave_regs 000000
__Lirdata                irdata       000000
__Livt0x8                ivt0x8       000008
__Lmediumconst           mediumconst  000000
__LnvFARRAM              nvFARRAM     000000
__Lnvbit                 nvbit        000000
__Lnvrram                nvrram       000000
__Lparam                 rparam       000000
__Lpowerup               powerup      000000
__Lram                   ram          000000
__Lramtop                ramtop       002600
__Lrbit                  rbit         000000
__Lrbss                  rbss         000000
__Lrdata                 rdata        000000
__Lreset_vec             reset_vec    000000
__Lrparam                rparam       000000
__Lsfr                   sfr          000000
__Lsmallconst            smallconst   002600
__Lspace_0               (abs)        000000
__Lspace_1               (abs)        000000
__Lspace_2               (abs)        000000
__Lspace_4               (abs)        000000
__Lstack                 stack        000000
__Lstruct                struct       000000
__Ltemp                  temp         000000
__Ltext                  text         000000
__Ltext0                 text0        000000
__Ltext1                 text1        000000
__Ltext10                text10       000000
__Ltext11                text11       000000
__Ltext12                text12       000000
__Ltext13                text13       000000
__Ltext14                text14       000000
__Ltext15                text15       000000
__Ltext16                text16       000000
__Ltext17                text17       000000
__Ltext18                text18       000000
__Ltext19                text19       000000
__Ltext2                 text2        000000
__Ltext20                text20       000000
__Ltext21                text21       000000
__Ltext22                text22       000000
__Ltext23                text23       000000
__Ltext3                 text3        000000
__Ltext4                 text4        000000
__Ltext5                 text5        000000
__Ltext6                 text6        000000
__Ltext7                 text7        000000
__Ltext8                 text8        000000
__Ltext9                 text9        000000
__S0                     (abs)        004B7E
__S1                     (abs)        000650
__S4                     (abs)        000000
__S5                     (abs)        000000
___fladd                 text17       003014
___fladd@a               cstackCOMRAM 000505
___fladd@aexp            cstackCOMRAM 00050E
___fladd@b               cstackCOMRAM 000501
___fladd@bexp            cstackCOMRAM 00050F
___fladd@grs             cstackCOMRAM 000510
___fladd@signs           cstackCOMRAM 00050D
___fldiv                 text22       0038FE
___fldiv@a               cstackCOMRAM 000505
___fldiv@aexp            cstackCOMRAM 000519
___fldiv@b               cstackCOMRAM 000501
___fldiv@bexp            cstackCOMRAM 000518
___fldiv@grs             cstackCOMRAM 000514
___fldiv@new_exp         cstackCOMRAM 000512
___fldiv@rem             cstackCOMRAM 00050D
___fldiv@sign            cstackCOMRAM 000511
___fleq                  text21       004746
___fleq@ff1              cstackCOMRAM 000501
___fleq@ff2              cstackCOMRAM 000505
___flge                  text20       004394
___flge@ff1              cstackCOMRAM 000528
___flge@ff2              cstackCOMRAM 00052C
___flmul                 text19       0034D4
___flmul@a               cstackCOMRAM 000513
___flmul@aexp            cstackCOMRAM 000520
___flmul@b               cstackCOMRAM 00050F
___flmul@bexp            cstackCOMRAM 000521
___flmul@grs             cstackCOMRAM 00051C
___flmul@prod            cstackCOMRAM 000522
___flmul@sign            cstackCOMRAM 00051B
___flmul@temp            cstackCOMRAM 000526
___flneg                 text18       004B14
___flneg@f1              cstackCOMRAM 000501
___flsub                 text16       004A46
___flsub@a               cstackCOMRAM 00052C
___flsub@b               cstackCOMRAM 000528
___fltol                 text15       00428E
___fltol@exp1            cstackCOMRAM 00050A
___fltol@f1              cstackCOMRAM 000501
___fltol@sign1           cstackCOMRAM 000509
___fpclassifyf           text14       004498
___fpclassifyf@F465      bssBANK5     0005BC
___fpclassifyf@e         cstackCOMRAM 000509
___fpclassifyf@u         cstackCOMRAM 00050B
___fpclassifyf@x         cstackCOMRAM 000501
___heap_hi               (abs)        000000
___heap_lo               (abs)        000000
___inthi_sp              stack        000000
___intlo_sp              stack        000000
___param_bank            (abs)        000000
___rparam_used           (abs)        000001
___sp                    stack        000000
___xxtofl                text23       0040DA
___xxtofl@arg            cstackCOMRAM 00050B
___xxtofl@exp            cstackCOMRAM 00050A
___xxtofl@sign           cstackCOMRAM 000509
___xxtofl@val            cstackCOMRAM 000501
__accesstop              (abs)        000560
__activetblptr           (abs)        000003
__end_of_ADC_ISR         text1        00467C
__end_of___fladd         text17       0034D4
__end_of___fldiv         text22       003C98
__end_of___fleq          text21       0047F0
__end_of___flge          text20       004498
__end_of___flmul         text19       0038FE
__end_of___flneg         text18       004B4C
__end_of___flsub         text16       004A8C
__end_of___fltol         text15       004394
__end_of___fpclassifyf   text14       004596
__end_of___xxtofl        text23       00428E
__end_of__initialization cinit        004B76
__end_of_efgtoa          text5        003014
__end_of_floorf          text13       0040DA
__end_of_fputc           text9        004746
__end_of_fputs           text8        004B14
__end_of_labs            text12       00494E
__end_of_main            text0        00486E
__end_of_memcpy          text11       004A46
__end_of_pad             text7        0048E8
__end_of_putch           text10       004B7E
__end_of_sprintf         text2        0049F6
__end_of_strcpy          text6        004AD0
__end_of_vfpfcnvrt       text4        003EC8
__end_of_vfprintf        text3        0049A4
__initialization         cinit        004B4C
__mediumconst            mediumconst  000000
__pbssBANK5              bssBANK5     0005B8
__pbssBANK6              bssBANK6     000600
__pbssCOMRAM             bssCOMRAM    00055D
__pcinit                 cinit        004B4C
__pcstackBANK5           cstackBANK5  000560
__pcstackBANK6           cstackBANK6  000000
__pcstackCOMRAM          cstackCOMRAM 000501
__pivt0x8                ivt0x8       000008
__psmallconst            smallconst   002600
__ptext0                 text0        0047F0
__ptext1                 text1        004598
__ptext10                text10       004B7C
__ptext11                text11       0049F6
__ptext12                text12       0048E8
__ptext13                text13       003EC8
__ptext14                text14       004498
__ptext15                text15       00428E
__ptext16                text16       004A46
__ptext17                text17       003014
__ptext18                text18       004B14
__ptext19                text19       0034D4
__ptext2                 text2        0049A4
__ptext20                text20       004394
__ptext21                text21       004746
__ptext22                text22       0038FE
__ptext23                text23       0040DA
__ptext3                 text3        00494E
__ptext4                 text4        003C98
__ptext5                 text5        002618
__ptext6                 text6        004A8C
__ptext7                 text7        00486E
__ptext8                 text8        004AD0
__ptext9                 text9        00467C
__ramtop                 ramtop       002600
__smallconst             smallconst   002600
_dbuf                    bssBANK6     000600
_efgtoa                  text5        002618
_efgtoa$1252             cstackBANK5  000566
_flags                   bssBANK5     0005C2
_floorf                  text13       003EC8
_fputc                   text9        00467C
_fputs                   text8        004AD0
_labs                    text12       0048E8
_main                    text0        0047F0
_memcpy                  text11       0049F6
_pad                     text7        00486E
_prec                    bssCOMRAM    00055D
_putch                   text10       004B7C
_sprintf                 text2        0049A4
_strcpy                  text6        004A8C
_vfpfcnvrt               text4        003C98
_vfprintf                text3        00494E
_width                   bssBANK5     0005C0
efgtoa@c                 cstackCOMRAM 00053A
efgtoa@d                 cstackBANK5  00056B
efgtoa@e                 cstackBANK5  00056F
efgtoa@f                 cstackCOMRAM 000536
efgtoa@fp                cstackCOMRAM 000534
efgtoa@g                 cstackBANK5  000584
efgtoa@h                 cstackBANK5  000579
efgtoa@i                 cstackBANK5  000577
efgtoa@l                 cstackBANK5  00057D
efgtoa@m                 cstackBANK5  00056D
efgtoa@mode              cstackBANK5  000569
efgtoa@n                 cstackBANK5  000582
efgtoa@ne                cstackBANK5  000560
efgtoa@nmode             cstackBANK5  00056A
efgtoa@ou                cstackBANK5  000573
efgtoa@p                 cstackBANK5  000562
efgtoa@pp                cstackBANK5  000568
efgtoa@sign              cstackBANK5  000581
efgtoa@t                 cstackBANK5  000564
efgtoa@u                 cstackBANK5  000588
efgtoa@w                 cstackBANK5  000571
end_of_initialization    cinit        004B76
floorf@F526              bssBANK5     0005B8
floorf@e                 cstackCOMRAM 000528
floorf@m                 cstackCOMRAM 000524
floorf@u                 cstackCOMRAM 00052A
floorf@x                 cstackCOMRAM 00051A
fputc@c                  cstackCOMRAM 000501
fputc@fp                 cstackCOMRAM 000503
fputs@c                  cstackCOMRAM 00050E
fputs@fp                 cstackCOMRAM 00050C
fputs@i                  cstackCOMRAM 00050F
fputs@s                  cstackCOMRAM 00050A
intlevel0                text         000000
intlevel1                text         000000
intlevel2                text         000000
intlevel3                text         000000
isa$std                  (abs)        000001
isa$xinst                (abs)        000000
ivt0x8_base              ivt0x8       000008
ivt0x8_undefint          ivt0x8       000100
labs@a                   cstackCOMRAM 000501
memcpy@d                 cstackCOMRAM 000507
memcpy@d1                cstackCOMRAM 000501
memcpy@n                 cstackCOMRAM 000505
memcpy@s                 cstackCOMRAM 000509
memcpy@s1                cstackCOMRAM 000503
memcpy@tmp               cstackCOMRAM 00050B
pad@buf                  cstackCOMRAM 000513
pad@fp                   cstackCOMRAM 000511
pad@i                    cstackCOMRAM 000518
pad@p                    cstackCOMRAM 000515
pad@w                    cstackCOMRAM 00051A
sprintf@ap               cstackCOMRAM 00054C
sprintf@f                cstackCOMRAM 00054E
sprintf@fmt              cstackBANK5  00059A
sprintf@s                cstackBANK5  000598
stackhi                  (abs)        000000
stacklo                  (abs)        000000
start                    init         000102
start_initialization     cinit        004B4C
strcpy@d                 cstackCOMRAM 000507
strcpy@dest              cstackCOMRAM 000501
strcpy@s                 cstackCOMRAM 000505
strcpy@src               cstackCOMRAM 000503
vfpfcnvrt@ap             cstackBANK5  000590
vfpfcnvrt@c              cstackCOMRAM 000547
vfpfcnvrt@convarg        cstackCOMRAM 00053F
vfpfcnvrt@cp             cstackCOMRAM 000548
vfpfcnvrt@fmt            cstackBANK5  00058E
vfpfcnvrt@fp             cstackBANK5  00058C
vfprintf@ap              cstackBANK5  000596
vfprintf@cfmt            cstackCOMRAM 00054A
vfprintf@fmt             cstackBANK5  000594
vfprintf@fp              cstackBANK5  000592


MODULE INFORMATION

Module		Function		Class		Link	Load	Size
C:\Program Files\Microchip\xc8\v2.40\pic\sources\c99\common\sprcmul.c
		___flmul       		CODE           	34D4	0000	1066

C:\Program Files\Microchip\xc8\v2.40\pic\sources\c99\common\sprcmul.c estimated size: 1066

C:\Program Files\Microchip\xc8\v2.40\pic\sources\c99\common\nf_fputc.c
		_fputc         		CODE           	467C	0000	202

C:\Program Files\Microchip\xc8\v2.40\pic\sources\c99\common\nf_fputc.c estimated size: 202

C:\Program Files\Microchip\xc8\v2.40\pic\sources\c99\common\sprcdiv.c
		___fldiv       		CODE           	38FE	0000	922

C:\Program Files\Microchip\xc8\v2.40\pic\sources\c99\common\sprcdiv.c estimated size: 922

C:\Program Files\Microchip\xc8\v2.40\pic\sources\c99\common\nf_sprintf.c
		_sprintf       		CODE           	49A4	0000	82

C:\Program Files\Microchip\xc8\v2.40\pic\sources\c99\common\nf_sprintf.c estimated size: 82

C:\Program Files\Microchip\xc8\v2.40\pic\sources\c99\common\memcpy.c
		_memcpy        		CODE           	49F6	0000	80

C:\Program Files\Microchip\xc8\v2.40\pic\sources\c99\common\memcpy.c estimated size: 80

C:\Program Files\Microchip\xc8\v2.40\pic\sources\c99\common\fltol.c
		___fltol       		CODE           	428E	0000	262

C:\Program Files\Microchip\xc8\v2.40\pic\sources\c99\common\fltol.c estimated size: 262

C:\Program Files\Microchip\xc8\v2.40\pic\sources\c99\common\fleq.c
		___fleq        		CODE           	4746	0000	170

C:\Program Files\Microchip\xc8\v2.40\pic\sources\c99\common\fleq.c estimated size: 170

C:\Program Files\Microchip\xc8\v2.40\pic\sources\c99\common\__fpclassifyf.c
		___fpclassifyf 		CODE           	4498	0000	254

C:\Program Files\Microchip\xc8\v2.40\pic\sources\c99\common\__fpclassifyf.c estimated size: 254

C:\Program Files\Microchip\xc8\v2.40\pic\sources\c99\common\sprcadd.c
		___flsub       		CODE           	4A46	0000	70
		___fladd       		CODE           	3014	0000	1216

C:\Program Files\Microchip\xc8\v2.40\pic\sources\c99\common\sprcadd.c estimated size: 1286

C:\Program Files\Microchip\xc8\v2.40\pic\sources\c99\common\floorf.c
		_floorf        		CODE           	3EC8	0000	530

C:\Program Files\Microchip\xc8\v2.40\pic\sources\c99\common\floorf.c estimated size: 530

C:\Program Files\Microchip\xc8\v2.40\pic\sources\c99\common\flneg.c
		___flneg       		CODE           	4B14	0000	56

C:\Program Files\Microchip\xc8\v2.40\pic\sources\c99\common\flneg.c estimated size: 56

C:\Program Files\Microchip\xc8\v2.40\pic\sources\c99\common\labs.c
		_labs          		CODE           	48E8	0000	102

C:\Program Files\Microchip\xc8\v2.40\pic\sources\c99\common\labs.c estimated size: 102

C:\Program Files\Microchip\xc8\v2.40\pic\sources\c99\common\xxtofl.c
		___xxtofl      		CODE           	40DA	0000	436

C:\Program Files\Microchip\xc8\v2.40\pic\sources\c99\common\xxtofl.c estimated size: 436

C:\Program Files\Microchip\xc8\v2.40\pic\sources\c99\common\nf_fputs.c
		_fputs         		CODE           	4AD0	0000	68

C:\Program Files\Microchip\xc8\v2.40\pic\sources\c99\common\nf_fputs.c estimated size: 68

shared
		__initialization		CODE           	4B4C	0000	42

shared estimated size: 42

C:\Program Files\Microchip\xc8\v2.40\pic\sources\c99\common\strcpy.c
		_strcpy        		CODE           	4A8C	0000	68

C:\Program Files\Microchip\xc8\v2.40\pic\sources\c99\common\strcpy.c estimated size: 68

C:\Program Files\Microchip\xc8\v2.40\pic\sources\c99\common\flge.c
		___flge        		CODE           	4394	0000	260

C:\Program Files\Microchip\xc8\v2.40\pic\sources\c99\common\flge.c estimated size: 260

C:\Program Files\Microchip\xc8\v2.40\pic\sources\c99\common\putch.c
		_putch         		CODE           	4B7C	0000	2

C:\Program Files\Microchip\xc8\v2.40\pic\sources\c99\common\putch.c estimated size: 2

C:\Program Files\Microchip\xc8\v2.40\pic\sources\c99\common\doprnt.c
		_vfpfcnvrt     		CODE           	3C98	0000	560
		_efgtoa        		CODE           	2618	0000	2556
		_pad           		CODE           	486E	0000	122
		_vfprintf      		CODE           	494E	0000	86

C:\Program Files\Microchip\xc8\v2.40\pic\sources\c99\common\doprnt.c estimated size: 3324

main.c
		_main          		CODE           	47F0	0000	126
		_ADC_ISR       		CODE           	4598	0000	228

main.c estimated size: 354

